Archive member included because of file (symbol)

c:/winavr-20100110/bin/../lib/gcc/avr/4.3.3/avrxmega7\libgcc.a(_mulsi3.o)
                              main.o (__mulsi3)
c:/winavr-20100110/bin/../lib/gcc/avr/4.3.3/avrxmega7\libgcc.a(_udivmodhi4.o)
                              main.o (__udivmodhi4)
c:/winavr-20100110/bin/../lib/gcc/avr/4.3.3/avrxmega7\libgcc.a(_divmodhi4.o)
                              main.o (__divmodhi4)
c:/winavr-20100110/bin/../lib/gcc/avr/4.3.3/avrxmega7\libgcc.a(_udivmodsi4.o)
                              main.o (__udivmodsi4)
c:/winavr-20100110/bin/../lib/gcc/avr/4.3.3/avrxmega7\libgcc.a(_divmodsi4.o)
                              main.o (__divmodsi4)
c:/winavr-20100110/bin/../lib/gcc/avr/4.3.3/avrxmega7\libgcc.a(_prologue.o)
                              main.o (__prologue_saves__)
c:/winavr-20100110/bin/../lib/gcc/avr/4.3.3/avrxmega7\libgcc.a(_epilogue.o)
                              main.o (__epilogue_restores__)
c:/winavr-20100110/bin/../lib/gcc/avr/4.3.3/avrxmega7\libgcc.a(_exit.o)
                              c:/winavr-20100110/bin/../lib/gcc/avr/4.3.3/../../../../avr/lib/avrxmega7/crtx128a1.o (exit)
c:/winavr-20100110/bin/../lib/gcc/avr/4.3.3/avrxmega7\libgcc.a(_tablejump.o)
                              main.o (__tablejump2__)
c:/winavr-20100110/bin/../lib/gcc/avr/4.3.3/avrxmega7\libgcc.a(_clear_bss.o)
                              main.o (__do_clear_bss)
c:/winavr-20100110/bin/../lib/gcc/avr/4.3.3/../../../../avr/lib/avrxmega7\libc.a(malloc.o)
                              uart.o (malloc)
c:/winavr-20100110/bin/../lib/gcc/avr/4.3.3/../../../../avr/lib/avrxmega7\libc.a(rand.o)
                              main.o (rand)
c:/winavr-20100110/bin/../lib/gcc/avr/4.3.3/../../../../avr/lib/avrxmega7\libc.a(strtoul.o)
                              utils.o (strtoul)
c:/winavr-20100110/bin/../lib/gcc/avr/4.3.3/../../../../avr/lib/avrxmega7\libc.a(isspace.o)
                              c:/winavr-20100110/bin/../lib/gcc/avr/4.3.3/../../../../avr/lib/avrxmega7\libc.a(strtoul.o) (isspace)
c:/winavr-20100110/bin/../lib/gcc/avr/4.3.3/../../../../avr/lib/avrxmega7\libc.a(sprintf.o)
                              main.o (sprintf)
c:/winavr-20100110/bin/../lib/gcc/avr/4.3.3/../../../../avr/lib/avrxmega7\libc.a(vfprintf_std.o)
                              c:/winavr-20100110/bin/../lib/gcc/avr/4.3.3/../../../../avr/lib/avrxmega7\libc.a(sprintf.o) (vfprintf)
c:/winavr-20100110/bin/../lib/gcc/avr/4.3.3/../../../../avr/lib/avrxmega7\libc.a(eerd_byte_atxmega128a1.o)
                              main.o (__eerd_byte_x128a1)
c:/winavr-20100110/bin/../lib/gcc/avr/4.3.3/../../../../avr/lib/avrxmega7\libc.a(eewr_byte_atxmega128a1.o)
                              main.o (__eewr_byte_x128a1)
c:/winavr-20100110/bin/../lib/gcc/avr/4.3.3/../../../../avr/lib/avrxmega7\libc.a(errno.o)
                              c:/winavr-20100110/bin/../lib/gcc/avr/4.3.3/../../../../avr/lib/avrxmega7\libc.a(strtoul.o) (errno)
c:/winavr-20100110/bin/../lib/gcc/avr/4.3.3/../../../../avr/lib/avrxmega7\libc.a(cty_isfalse.o)
                              c:/winavr-20100110/bin/../lib/gcc/avr/4.3.3/../../../../avr/lib/avrxmega7\libc.a(isspace.o) (__ctype_isfalse)
c:/winavr-20100110/bin/../lib/gcc/avr/4.3.3/../../../../avr/lib/avrxmega7\libc.a(strnlen_P.o)
                              c:/winavr-20100110/bin/../lib/gcc/avr/4.3.3/../../../../avr/lib/avrxmega7\libc.a(vfprintf_std.o) (strnlen_P)
c:/winavr-20100110/bin/../lib/gcc/avr/4.3.3/../../../../avr/lib/avrxmega7\libc.a(strnlen.o)
                              c:/winavr-20100110/bin/../lib/gcc/avr/4.3.3/../../../../avr/lib/avrxmega7\libc.a(vfprintf_std.o) (strnlen)
c:/winavr-20100110/bin/../lib/gcc/avr/4.3.3/../../../../avr/lib/avrxmega7\libc.a(fputc.o)
                              c:/winavr-20100110/bin/../lib/gcc/avr/4.3.3/../../../../avr/lib/avrxmega7\libc.a(vfprintf_std.o) (fputc)
c:/winavr-20100110/bin/../lib/gcc/avr/4.3.3/../../../../avr/lib/avrxmega7\libc.a(ultoa_invert.o)
                              c:/winavr-20100110/bin/../lib/gcc/avr/4.3.3/../../../../avr/lib/avrxmega7\libc.a(vfprintf_std.o) (__ultoa_invert)

Allocating common symbols
Common symbol       size              file

file2               0x20              main.o
bias_x              0x1               main.o
twi4                0xf               main.o
y_num               0x2               main.o
p_handler_func      0xc               handler.o
Y_val               0x2               main.o
errno               0x2               c:/winavr-20100110/bin/../lib/gcc/avr/4.3.3/../../../../avr/lib/avrxmega7\libc.a(errno.o)
row_compress        0x1               main.o
function_Y          0xc8              main.o
Y_pos_index         0x2               main.o
twi1                0xf               main.o
X_val               0x2               main.o
laserPattern        0x7d              main.o
mask                0x6               handler.o
X_pos_index         0x2               main.o
file3               0x20              main.o
start_count         0x18              handler.o
__brkval            0x2               c:/winavr-20100110/bin/../lib/gcc/avr/4.3.3/../../../../avr/lib/avrxmega7\libc.a(malloc.o)
twi3                0xf               main.o
gs_value            0x1               main.o
chMap               0x81              main.o
x_mode              0x1               main.o
bytes_per_panel_frame
                    0x1               main.o
index_x             0x2               main.o
gain_y              0x1               main.o
fsMutex             0x1               main.o
start_block         0x4               main.o
file5               0x20              main.o
count               0x18              handler.o
file6               0x20              main.o
y_mode              0x1               main.o
gain_x              0x1               main.o
file4               0x20              main.o
x_num               0x2               main.o
function_X          0xc8              main.o
adrMap              0x81              main.o
index_y             0x2               main.o
file1               0x20              main.o
__flp               0x2               c:/winavr-20100110/bin/../lib/gcc/avr/4.3.3/../../../../avr/lib/avrxmega7\libc.a(malloc.o)
twi2                0xf               main.o
ident_compress      0x1               main.o
fatfs               0x232             main.o
bias_y              0x1               main.o

Memory Configuration

Name             Origin             Length             Attributes
text             0x00000000         0x00100000         xr
data             0x00802000         0x0000ffa0         rw !x
eeprom           0x00810000         0x00010000         rw !x
fuse             0x00820000         0x00000400         rw !x
lock             0x00830000         0x00000400         rw !x
signature        0x00840000         0x00000400         rw !x
*default*        0x00000000         0xffffffff

Linker script and memory map

LOAD c:/winavr-20100110/bin/../lib/gcc/avr/4.3.3/../../../../avr/lib/avrxmega7/crtx128a1.o
LOAD main.o
LOAD utils.o
LOAD uart.o
LOAD handler.o
LOAD twi.o
LOAD ff.o
LOAD mmc.o
LOAD rtc.o
LOAD timer.o
LOAD eeprom_driver.o
LOAD xitoa.o
LOAD c:/winavr-20100110/bin/../lib/gcc/avr/4.3.3/avrxmega7\libgcc.a
LOAD c:/winavr-20100110/bin/../lib/gcc/avr/4.3.3/../../../../avr/lib/avrxmega7\libc.a
LOAD c:/winavr-20100110/bin/../lib/gcc/avr/4.3.3/avrxmega7\libgcc.a

.hash
 *(.hash)

.dynsym
 *(.dynsym)

.dynstr
 *(.dynstr)

.gnu.version
 *(.gnu.version)

.gnu.version_d
 *(.gnu.version_d)

.gnu.version_r
 *(.gnu.version_r)

.rel.init
 *(.rel.init)

.rela.init
 *(.rela.init)

.rel.text
 *(.rel.text)
 *(.rel.text.*)
 *(.rel.gnu.linkonce.t*)

.rela.text
 *(.rela.text)
 *(.rela.text.*)
 *(.rela.gnu.linkonce.t*)

.rel.fini
 *(.rel.fini)

.rela.fini
 *(.rela.fini)

.rel.rodata
 *(.rel.rodata)
 *(.rel.rodata.*)
 *(.rel.gnu.linkonce.r*)

.rela.rodata
 *(.rela.rodata)
 *(.rela.rodata.*)
 *(.rela.gnu.linkonce.r*)

.rel.data
 *(.rel.data)
 *(.rel.data.*)
 *(.rel.gnu.linkonce.d*)

.rela.data
 *(.rela.data)
 *(.rela.data.*)
 *(.rela.gnu.linkonce.d*)

.rel.ctors
 *(.rel.ctors)

.rela.ctors
 *(.rela.ctors)

.rel.dtors
 *(.rel.dtors)

.rela.dtors
 *(.rela.dtors)

.rel.got
 *(.rel.got)

.rela.got
 *(.rela.got)

.rel.bss
 *(.rel.bss)

.rela.bss
 *(.rela.bss)

.rel.plt
 *(.rel.plt)

.rela.plt
 *(.rela.plt)

.text           0x00000000     0xbdd8
 *(.vectors)
 .vectors       0x00000000      0x1f4 c:/winavr-20100110/bin/../lib/gcc/avr/4.3.3/../../../../avr/lib/avrxmega7/crtx128a1.o
                0x00000000                __vectors
                0x00000000                __vector_default
 *(.vectors)
 *(.progmem.gcc*)
 .progmem.gcc_sw_table
                0x000001f4       0x24 main.o
 .progmem.gcc_sw_table
                0x00000218       0x1e mmc.o
 *(.progmem*)
 .progmem.data  0x00000236      0x836 main.o
 .progmem.data  0x00000a6c      0x5cd utils.o
                0x0000103a                . = ALIGN (0x2)
 *fill*         0x00001039        0x1 00
                0x0000103a                __trampolines_start = .
 *(.trampolines)
 .trampolines   0x0000103a        0x0 linker stubs
 *(.trampolines*)
                0x0000103a                __trampolines_end = .
 *(.jumptables)
 *(.jumptables*)
 *(.lowtext)
 *(.lowtext*)
                0x0000103a                __ctors_start = .
 *(.ctors)
                0x0000103a                __ctors_end = .
                0x0000103a                __dtors_start = .
 *(.dtors)
                0x0000103a                __dtors_end = .
 SORT(*)(.ctors)
 SORT(*)(.dtors)
 *(.init0)
 .init0         0x0000103a        0x0 c:/winavr-20100110/bin/../lib/gcc/avr/4.3.3/../../../../avr/lib/avrxmega7/crtx128a1.o
                0x0000103a                __init
 *(.init0)
 *(.init1)
 *(.init1)
 *(.init2)
 .init2         0x0000103a       0x18 c:/winavr-20100110/bin/../lib/gcc/avr/4.3.3/../../../../avr/lib/avrxmega7/crtx128a1.o
 *(.init2)
 *(.init3)
 *(.init3)
 *(.init4)
 .init4         0x00001052       0x1c c:/winavr-20100110/bin/../lib/gcc/avr/4.3.3/../../../../avr/lib/avrxmega7/crtx128a1.o
                0x00001052                __do_copy_data
 .init4         0x0000106e       0x10 c:/winavr-20100110/bin/../lib/gcc/avr/4.3.3/avrxmega7\libgcc.a(_clear_bss.o)
                0x0000106e                __do_clear_bss
 *(.init4)
 *(.init5)
 *(.init5)
 *(.init6)
 *(.init6)
 *(.init7)
 *(.init7)
 *(.init8)
 *(.init8)
 *(.init9)
 .init9         0x0000107e        0x8 c:/winavr-20100110/bin/../lib/gcc/avr/4.3.3/../../../../avr/lib/avrxmega7/crtx128a1.o
 *(.init9)
 *(.text)
 .text          0x00001086        0x4 c:/winavr-20100110/bin/../lib/gcc/avr/4.3.3/../../../../avr/lib/avrxmega7/crtx128a1.o
                0x00001086                __vector_38
                0x00001086                __vector_104
                0x00001086                __vector_22
                0x00001086                __vector_63
                0x00001086                __vector_28
                0x00001086                __vector_67
                0x00001086                __vector_1
                0x00001086                __vector_119
                0x00001086                __vector_32
                0x00001086                __vector_75
                0x00001086                __vector_71
                0x00001086                __vector_91
                0x00001086                __vector_34
                0x00001086                __vector_62
                0x00001086                __vector_77
                0x00001086                __vector_102
                0x00001086                __vector_24
                0x00001086                __vector_12
                0x00001086                __vector_55
                0x00001086                __vector_69
                0x00001086                __vector_81
                0x00001086                __vector_90
                0x00001086                __bad_interrupt
                0x00001086                __vector_122
                0x00001086                __vector_72
                0x00001086                __vector_114
                0x00001086                __vector_6
                0x00001086                __vector_110
                0x00001086                __vector_31
                0x00001086                __vector_92
                0x00001086                __vector_35
                0x00001086                __vector_78
                0x00001086                __vector_74
                0x00001086                __vector_117
                0x00001086                __vector_39
                0x00001086                __vector_3
                0x00001086                __vector_105
                0x00001086                __vector_98
                0x00001086                __vector_23
                0x00001086                __vector_68
                0x00001086                __vector_30
                0x00001086                __vector_73
                0x00001086                __vector_45
                0x00001086                __vector_93
                0x00001086                __vector_61
                0x00001086                __vector_11
                0x00001086                __vector_54
                0x00001086                __vector_99
                0x00001086                __vector_17
                0x00001086                __vector_19
                0x00001086                __vector_56
                0x00001086                __vector_7
                0x00001086                __vector_49
                0x00001086                __vector_123
                0x00001086                __vector_41
                0x00001086                __vector_86
                0x00001086                __vector_100
                0x00001086                __vector_101
                0x00001086                __vector_64
                0x00001086                __vector_88
                0x00001086                __vector_109
                0x00001086                __vector_43
                0x00001086                __vector_27
                0x00001086                __vector_5
                0x00001086                __vector_113
                0x00001086                __vector_33
                0x00001086                __vector_115
                0x00001086                __vector_52
                0x00001086                __vector_37
                0x00001086                __vector_95
                0x00001086                __vector_103
                0x00001086                __vector_96
                0x00001086                __vector_89
                0x00001086                __vector_4
                0x00001086                __vector_44
                0x00001086                __vector_82
                0x00001086                __vector_106
                0x00001086                __vector_118
                0x00001086                __vector_51
                0x00001086                __vector_9
                0x00001086                __vector_2
                0x00001086                __vector_21
                0x00001086                __vector_15
                0x00001086                __vector_66
                0x00001086                __vector_36
                0x00001086                __vector_79
                0x00001086                __vector_58
                0x00001086                __vector_70
                0x00001086                __vector_83
                0x00001086                __vector_29
                0x00001086                __vector_60
                0x00001086                __vector_121
                0x00001086                __vector_40
                0x00001086                __vector_85
                0x00001086                __vector_94
                0x00001086                __vector_8
                0x00001086                __vector_48
                0x00001086                __vector_124
                0x00001086                __vector_116
                0x00001086                __vector_112
                0x00001086                __vector_111
                0x00001086                __vector_80
                0x00001086                __vector_14
                0x00001086                __vector_84
                0x00001086                __vector_57
                0x00001086                __vector_10
                0x00001086                __vector_50
                0x00001086                __vector_16
                0x00001086                __vector_59
                0x00001086                __vector_18
                0x00001086                __vector_97
                0x00001086                __vector_20
                0x00001086                __vector_42
                0x00001086                __vector_87
                0x00001086                __vector_65
                0x00001086                __vector_120
 .text          0x0000108a     0x3302 main.o
                0x000010ac                increment_index_x
                0x00001356                handle_message_length_63
                0x000016e8                fetch_update_funcX
                0x00001204                decrement_index_y
                0x0000193a                update_funcCnt_x
                0x00001f4e                handle_message_length_3
                0x0000424e                __vector_46
                0x00001e56                i2cMasterSend
                0x000031c8                set_pattern
                0x00003558                handle_message_length_2
                0x00001388                dump_mat
                0x000041e4                __vector_107
                0x00001f0a                handle_message_length_4
                0x00003116                benchmark_pattern
                0x0000108a                handle_message_length_62
                0x0000228e                Update_display
                0x000033d2                handle_message_length_5
                0x0000363c                handle_message_length_1
                0x00004322                __vector_13
                0x0000216a                set_hwConfig
                0x000019ce                set_vel_func
                0x000018a6                update_funcCnt_y
                0x00002adc                fetch_display_frame
                0x000042b8                __vector_76
                0x00002a30                display_dumped_frame
                0x00003cd6                main
                0x0000111c                increment_index_y
                0x00001274                set_default_func
                0x00001194                decrement_index_x
                0x0000152a                fetch_update_funcY
                0x00002286                toggle_trigger
                0x00001c12                set_pos_func
 .text          0x0000438c     0x188e utils.o
                0x000049e0                verifyPage
                0x00004e00                eeprom_panel
                0x000043fc                ledToggle
                0x000044bc                digitalRead
                0x00004a9e                readPage
                0x00004624                analogWrite
                0x00004522                digitalToggle
                0x000048a6                readEEPage
                0x000044e0                digitalWrite
                0x0000438c                CCPWrite
                0x00004450                digitalMode
                0x000059f0                init_all
                0x000053e4                flash_panel
                0x00004670                test_DIO
                0x00004728                test_ADC
                0x00004422                ledBlink
                0x000047ec                verifyEEPage
                0x00004b52                progPage
                0x000043b6                ledWrite
                0x00004544                analogRead
                0x00004956                progEEPage
                0x000046f8                SystemReset
 .text          0x00005c1a      0x34a uart.o
                0x00005c64                uart_get
                0x00005d24                fill_Rx_buffer
                0x00005f2c                createRxBuff
                0x00005cfa                uart_putstr
                0x00005e08                __vector_25
                0x00005c58                uart_test
                0x00005f1e                releaseRxBuff
                0x00005c1a                uart_init
                0x00005d16                uart_crlf
                0x00005dd0                send_Tx_buffer
                0x00005cbe                uart_put
                0x00005ea8                __vector_26
 .text          0x00005f64      0x1da handler.o
                0x000060e0                Update_Reg_Handler
                0x00005f64                Handler_Init
                0x00006094                Reg_Handler
                0x00005f92                __vector_47
 .text          0x0000613e      0x2ec twi.o
                0x00006250                TWI_MasterArbitrationLostBusErrorHandler
                0x00006172                TWI_MasterReady
                0x00006182                TWI_MasterWriteRead
                0x000063bc                TWI_MasterReleaseBuff
                0x00006232                TWI_MasterRead
                0x00006244                TWI_MasterWrite
                0x0000615e                TWI_MasterState
                0x000063dc                TWI_MasterCreateBuff
                0x000062f8                TWI_MasterReadHandler
                0x0000627a                TWI_MasterWriteHandler
                0x00006376                TWI_MasterInterruptHandler
                0x0000613e                TWI_MasterInit
 .text          0x0000642a     0x3ce4 ff.o
                0x0000a09c                f_gets
                0x000098ae                f_printf
                0x00008a4a                f_rename
                0x000086ac                f_chdir
                0x00007f20                f_truncate
                0x00008f92                f_unlink
                0x00009810                f_putc
                0x00009866                f_puts
                0x00006566                f_chdrive
                0x000093a2                f_close
                0x00009d48                f_read
                0x000090bc                f_readdir
                0x000089c2                f_chmod
                0x00009302                f_sync
                0x0000657c                f_mkfs
                0x0000651e                f_mount
                0x000085f8                f_opendir
                0x00007a6e                f_lseek
                0x00008592                f_stat
                0x00008934                f_utime
                0x000093be                f_write
                0x00009b1a                f_open
                0x00008c74                f_mkdir
                0x0000914c                f_getfree
 .text          0x0000a10e      0xaac mmc.o
                0x0000a9ee                disk_initialize
                0x0000a402                disk_status
                0x0000a5d6                disk_ioctl
                0x0000a93c                disk_timerproc
                0x0000a4da                disk_write
                0x0000a410                disk_read
                0x0000a988                __vector_53
 .text          0x0000abba       0x3a rtc.o
                0x0000abe4                rtc_init
                0x0000abba                rtc_gettime
                0x0000abea                get_fattime
                0x0000abde                rtc_settime
 .text          0x0000abf4      0x12c timer.o
                0x0000acc2                timer_fine_tic
                0x0000ac52                timer_init
                0x0000ac78                Wait
                0x0000acd0                timer_fine_toc
                0x0000abf4                __vector_108
                0x0000ace0                timer_coarse_tic
                0x0000ad0a                timer_coarse_toc
 .text          0x0000ad20      0x202 eeprom_driver.o
                0x0000ad20                EEPROM_ReadByte
                0x0000ad6e                EEPROM_WaitForNVM
                0x0000ae00                EEPROM_LoadByte
                0x0000aec2                EEPROM_SplitWritePage
                0x0000ae46                EEPROM_AtomicWritePage
                0x0000ae1e                EEPROM_LoadPage
                0x0000af00                EEPROM_EraseAll
                0x0000ad78                EEPROM_FlushBuffer
                0x0000ae84                EEPROM_ErasePage
                0x0000ada2                EEPROM_WriteByte
 .text          0x0000af22      0x214 xitoa.o
                0x0000af4e                xitoa
                0x0000b080                xatoi
                0x0000afc4                xprintf
                0x0000af40                xputs
                0x0000af22                xputc
 .text          0x0000b136        0x0 c:/winavr-20100110/bin/../lib/gcc/avr/4.3.3/avrxmega7\libgcc.a(_mulsi3.o)
 .text          0x0000b136        0x0 c:/winavr-20100110/bin/../lib/gcc/avr/4.3.3/avrxmega7\libgcc.a(_udivmodhi4.o)
 .text          0x0000b136        0x0 c:/winavr-20100110/bin/../lib/gcc/avr/4.3.3/avrxmega7\libgcc.a(_divmodhi4.o)
 .text          0x0000b136        0x0 c:/winavr-20100110/bin/../lib/gcc/avr/4.3.3/avrxmega7\libgcc.a(_udivmodsi4.o)
 .text          0x0000b136        0x0 c:/winavr-20100110/bin/../lib/gcc/avr/4.3.3/avrxmega7\libgcc.a(_divmodsi4.o)
 .text          0x0000b136        0x0 c:/winavr-20100110/bin/../lib/gcc/avr/4.3.3/avrxmega7\libgcc.a(_prologue.o)
 .text          0x0000b136        0x0 c:/winavr-20100110/bin/../lib/gcc/avr/4.3.3/avrxmega7\libgcc.a(_epilogue.o)
 .text          0x0000b136        0x0 c:/winavr-20100110/bin/../lib/gcc/avr/4.3.3/avrxmega7\libgcc.a(_exit.o)
 .text          0x0000b136        0x0 c:/winavr-20100110/bin/../lib/gcc/avr/4.3.3/avrxmega7\libgcc.a(_tablejump.o)
 .text          0x0000b136        0x0 c:/winavr-20100110/bin/../lib/gcc/avr/4.3.3/avrxmega7\libgcc.a(_clear_bss.o)
 .text          0x0000b136        0x0 c:/winavr-20100110/bin/../lib/gcc/avr/4.3.3/../../../../avr/lib/avrxmega7\libc.a(malloc.o)
 .text          0x0000b136        0x0 c:/winavr-20100110/bin/../lib/gcc/avr/4.3.3/../../../../avr/lib/avrxmega7\libc.a(rand.o)
 .text          0x0000b136        0x0 c:/winavr-20100110/bin/../lib/gcc/avr/4.3.3/../../../../avr/lib/avrxmega7\libc.a(strtoul.o)
 .text          0x0000b136        0x0 c:/winavr-20100110/bin/../lib/gcc/avr/4.3.3/../../../../avr/lib/avrxmega7\libc.a(isspace.o)
 .text          0x0000b136        0x0 c:/winavr-20100110/bin/../lib/gcc/avr/4.3.3/../../../../avr/lib/avrxmega7\libc.a(sprintf.o)
 .text          0x0000b136        0x0 c:/winavr-20100110/bin/../lib/gcc/avr/4.3.3/../../../../avr/lib/avrxmega7\libc.a(vfprintf_std.o)
 .text          0x0000b136        0x0 c:/winavr-20100110/bin/../lib/gcc/avr/4.3.3/../../../../avr/lib/avrxmega7\libc.a(eerd_byte_atxmega128a1.o)
 .text          0x0000b136        0x0 c:/winavr-20100110/bin/../lib/gcc/avr/4.3.3/../../../../avr/lib/avrxmega7\libc.a(eewr_byte_atxmega128a1.o)
 .text          0x0000b136        0x0 c:/winavr-20100110/bin/../lib/gcc/avr/4.3.3/../../../../avr/lib/avrxmega7\libc.a(errno.o)
 .text          0x0000b136        0x0 c:/winavr-20100110/bin/../lib/gcc/avr/4.3.3/../../../../avr/lib/avrxmega7\libc.a(cty_isfalse.o)
 .text          0x0000b136        0x0 c:/winavr-20100110/bin/../lib/gcc/avr/4.3.3/../../../../avr/lib/avrxmega7\libc.a(strnlen_P.o)
 .text          0x0000b136        0x0 c:/winavr-20100110/bin/../lib/gcc/avr/4.3.3/../../../../avr/lib/avrxmega7\libc.a(strnlen.o)
 .text          0x0000b136        0x0 c:/winavr-20100110/bin/../lib/gcc/avr/4.3.3/../../../../avr/lib/avrxmega7\libc.a(fputc.o)
 .text          0x0000b136        0x0 c:/winavr-20100110/bin/../lib/gcc/avr/4.3.3/../../../../avr/lib/avrxmega7\libc.a(ultoa_invert.o)
                0x0000b136                . = ALIGN (0x2)
 *(.text.*)
 .text.libgcc   0x0000b136       0x3e c:/winavr-20100110/bin/../lib/gcc/avr/4.3.3/avrxmega7\libgcc.a(_mulsi3.o)
                0x0000b136                __mulsi3
 .text.libgcc   0x0000b174       0x28 c:/winavr-20100110/bin/../lib/gcc/avr/4.3.3/avrxmega7\libgcc.a(_udivmodhi4.o)
                0x0000b174                __udivmodhi4
 .text.libgcc   0x0000b19c       0x26 c:/winavr-20100110/bin/../lib/gcc/avr/4.3.3/avrxmega7\libgcc.a(_divmodhi4.o)
                0x0000b19c                __divmodhi4
                0x0000b19c                _div
 .text.libgcc   0x0000b1c2       0x44 c:/winavr-20100110/bin/../lib/gcc/avr/4.3.3/avrxmega7\libgcc.a(_udivmodsi4.o)
                0x0000b1c2                __udivmodsi4
 .text.libgcc   0x0000b206       0x36 c:/winavr-20100110/bin/../lib/gcc/avr/4.3.3/avrxmega7\libgcc.a(_divmodsi4.o)
                0x0000b206                __divmodsi4
 .text.libgcc   0x0000b23c       0x38 c:/winavr-20100110/bin/../lib/gcc/avr/4.3.3/avrxmega7\libgcc.a(_prologue.o)
                0x0000b23c                __prologue_saves__
 .text.libgcc   0x0000b274       0x36 c:/winavr-20100110/bin/../lib/gcc/avr/4.3.3/avrxmega7\libgcc.a(_epilogue.o)
                0x0000b274                __epilogue_restores__
 .text.libgcc   0x0000b2aa        0x0 c:/winavr-20100110/bin/../lib/gcc/avr/4.3.3/avrxmega7\libgcc.a(_exit.o)
 .text.libgcc   0x0000b2aa        0xc c:/winavr-20100110/bin/../lib/gcc/avr/4.3.3/avrxmega7\libgcc.a(_tablejump.o)
                0x0000b2ae                __tablejump__
                0x0000b2aa                __tablejump2__
 .text.libgcc   0x0000b2b6        0x0 c:/winavr-20100110/bin/../lib/gcc/avr/4.3.3/avrxmega7\libgcc.a(_clear_bss.o)
 .text.avr-libc
                0x0000b2b6      0x20a c:/winavr-20100110/bin/../lib/gcc/avr/4.3.3/../../../../avr/lib/avrxmega7\libc.a(malloc.o)
                0x0000b2b6                malloc
                0x0000b410                free
 .text.avr-libc
                0x0000b4c0       0xd6 c:/winavr-20100110/bin/../lib/gcc/avr/4.3.3/../../../../avr/lib/avrxmega7\libc.a(rand.o)
                0x0000b570                rand_r
                0x0000b576                rand
                0x0000b580                srand
 .text.avr-libc
                0x0000b596      0x22c c:/winavr-20100110/bin/../lib/gcc/avr/4.3.3/../../../../avr/lib/avrxmega7\libc.a(strtoul.o)
                0x0000b596                strtoul
 .text.avr-libc
                0x0000b7c2       0x10 c:/winavr-20100110/bin/../lib/gcc/avr/4.3.3/../../../../avr/lib/avrxmega7\libc.a(isspace.o)
                0x0000b7c2                isspace
 .text.avr-libc
                0x0000b7d2       0x56 c:/winavr-20100110/bin/../lib/gcc/avr/4.3.3/../../../../avr/lib/avrxmega7\libc.a(sprintf.o)
                0x0000b7d2                sprintf
 .text.avr-libc
                0x0000b828      0x400 c:/winavr-20100110/bin/../lib/gcc/avr/4.3.3/../../../../avr/lib/avrxmega7\libc.a(vfprintf_std.o)
                0x0000b828                vfprintf
 .text.avr-libc
                0x0000bc28       0x20 c:/winavr-20100110/bin/../lib/gcc/avr/4.3.3/../../../../avr/lib/avrxmega7\libc.a(eerd_byte_atxmega128a1.o)
                0x0000bc28                __eerd_byte_x128a1
                0x0000bc30                eeprom_mapen
 .text.avr-libc
                0x0000bc48       0x46 c:/winavr-20100110/bin/../lib/gcc/avr/4.3.3/../../../../avr/lib/avrxmega7\libc.a(eewr_byte_atxmega128a1.o)
                0x0000bc48                __eewr_byte_x128a1
                0x0000bc4a                __eewr_r18_x128a1
 .text.avr-libc
                0x0000bc8e        0x6 c:/winavr-20100110/bin/../lib/gcc/avr/4.3.3/../../../../avr/lib/avrxmega7\libc.a(cty_isfalse.o)
                0x0000bc92                __ctype_istrue
                0x0000bc8e                __ctype_isfalse
 .text.avr-libc
                0x0000bc94       0x16 c:/winavr-20100110/bin/../lib/gcc/avr/4.3.3/../../../../avr/lib/avrxmega7\libc.a(strnlen_P.o)
                0x0000bc94                strnlen_P
 .text.avr-libc
                0x0000bcaa       0x16 c:/winavr-20100110/bin/../lib/gcc/avr/4.3.3/../../../../avr/lib/avrxmega7\libc.a(strnlen.o)
                0x0000bcaa                strnlen
 .text.avr-libc
                0x0000bcc0       0x58 c:/winavr-20100110/bin/../lib/gcc/avr/4.3.3/../../../../avr/lib/avrxmega7\libc.a(fputc.o)
                0x0000bcc0                fputc
 .text.avr-libc
                0x0000bd18       0xbc c:/winavr-20100110/bin/../lib/gcc/avr/4.3.3/../../../../avr/lib/avrxmega7\libc.a(ultoa_invert.o)
                0x0000bd18                __ultoa_invert
                0x0000bdd4                . = ALIGN (0x2)
 *(.fini9)
 .fini9         0x0000bdd4        0x0 c:/winavr-20100110/bin/../lib/gcc/avr/4.3.3/avrxmega7\libgcc.a(_exit.o)
                0x0000bdd4                exit
                0x0000bdd4                _exit
 *(.fini9)
 *(.fini8)
 *(.fini8)
 *(.fini7)
 *(.fini7)
 *(.fini6)
 *(.fini6)
 *(.fini5)
 *(.fini5)
 *(.fini4)
 *(.fini4)
 *(.fini3)
 *(.fini3)
 *(.fini2)
 *(.fini2)
 *(.fini1)
 *(.fini1)
 *(.fini0)
 .fini0         0x0000bdd4        0x4 c:/winavr-20100110/bin/../lib/gcc/avr/4.3.3/avrxmega7\libgcc.a(_exit.o)
 *(.fini0)
                0x0000bdd8                _etext = .

.data           0x00802000      0x4ea load address 0x0000bdd8
                0x00802000                PROVIDE (__data_start, .)
 *(.data)
 .data          0x00802000        0x0 c:/winavr-20100110/bin/../lib/gcc/avr/4.3.3/../../../../avr/lib/avrxmega7/crtx128a1.o
 .data          0x00802000      0x3cf main.o
                0x008020a9                funcSize_x
                0x008020a1                default_func_x
                0x0080209d                g_v_max
                0x008020b2                loadXBuffer
                0x008020b1                quiet_mode_on
                0x008020a3                functionX_rate
                0x008020ad                funcSize_y
                0x008020a2                default_func_y
                0x008020a0                probLaser
                0x0080209c                Stop
                0x0080209e                frame_num_old
                0x008020b4                loadYBuffer
                0x008020a5                functionY_rate
                0x008020a7                trigger_rate
 .data          0x008023cf       0x16 utils.o
 .data          0x008023e5        0x0 uart.o
 .data          0x008023e5        0x0 handler.o
 .data          0x008023e5        0x0 twi.o
 .data          0x008023e5       0xf9 ff.o
 .data          0x008024de        0x1 mmc.o
 .data          0x008024df        0x0 rtc.o
 .data          0x008024df        0x0 timer.o
 .data          0x008024df        0x0 eeprom_driver.o
 .data          0x008024df        0x0 xitoa.o
 .data          0x008024df        0x0 c:/winavr-20100110/bin/../lib/gcc/avr/4.3.3/avrxmega7\libgcc.a(_mulsi3.o)
 .data          0x008024df        0x0 c:/winavr-20100110/bin/../lib/gcc/avr/4.3.3/avrxmega7\libgcc.a(_udivmodhi4.o)
 .data          0x008024df        0x0 c:/winavr-20100110/bin/../lib/gcc/avr/4.3.3/avrxmega7\libgcc.a(_divmodhi4.o)
 .data          0x008024df        0x0 c:/winavr-20100110/bin/../lib/gcc/avr/4.3.3/avrxmega7\libgcc.a(_udivmodsi4.o)
 .data          0x008024df        0x0 c:/winavr-20100110/bin/../lib/gcc/avr/4.3.3/avrxmega7\libgcc.a(_divmodsi4.o)
 .data          0x008024df        0x0 c:/winavr-20100110/bin/../lib/gcc/avr/4.3.3/avrxmega7\libgcc.a(_prologue.o)
 .data          0x008024df        0x0 c:/winavr-20100110/bin/../lib/gcc/avr/4.3.3/avrxmega7\libgcc.a(_epilogue.o)
 .data          0x008024df        0x0 c:/winavr-20100110/bin/../lib/gcc/avr/4.3.3/avrxmega7\libgcc.a(_exit.o)
 .data          0x008024df        0x0 c:/winavr-20100110/bin/../lib/gcc/avr/4.3.3/avrxmega7\libgcc.a(_tablejump.o)
 .data          0x008024df        0x0 c:/winavr-20100110/bin/../lib/gcc/avr/4.3.3/avrxmega7\libgcc.a(_clear_bss.o)
 .data          0x008024df        0x6 c:/winavr-20100110/bin/../lib/gcc/avr/4.3.3/../../../../avr/lib/avrxmega7\libc.a(malloc.o)
                0x008024e1                __malloc_heap_start
                0x008024e3                __malloc_heap_end
                0x008024df                __malloc_margin
 .data          0x008024e5        0x4 c:/winavr-20100110/bin/../lib/gcc/avr/4.3.3/../../../../avr/lib/avrxmega7\libc.a(rand.o)
 .data          0x008024e9        0x0 c:/winavr-20100110/bin/../lib/gcc/avr/4.3.3/../../../../avr/lib/avrxmega7\libc.a(strtoul.o)
 .data          0x008024e9        0x0 c:/winavr-20100110/bin/../lib/gcc/avr/4.3.3/../../../../avr/lib/avrxmega7\libc.a(isspace.o)
 .data          0x008024e9        0x0 c:/winavr-20100110/bin/../lib/gcc/avr/4.3.3/../../../../avr/lib/avrxmega7\libc.a(sprintf.o)
 .data          0x008024e9        0x0 c:/winavr-20100110/bin/../lib/gcc/avr/4.3.3/../../../../avr/lib/avrxmega7\libc.a(vfprintf_std.o)
 .data          0x008024e9        0x0 c:/winavr-20100110/bin/../lib/gcc/avr/4.3.3/../../../../avr/lib/avrxmega7\libc.a(eerd_byte_atxmega128a1.o)
 .data          0x008024e9        0x0 c:/winavr-20100110/bin/../lib/gcc/avr/4.3.3/../../../../avr/lib/avrxmega7\libc.a(eewr_byte_atxmega128a1.o)
 .data          0x008024e9        0x0 c:/winavr-20100110/bin/../lib/gcc/avr/4.3.3/../../../../avr/lib/avrxmega7\libc.a(errno.o)
 .data          0x008024e9        0x0 c:/winavr-20100110/bin/../lib/gcc/avr/4.3.3/../../../../avr/lib/avrxmega7\libc.a(cty_isfalse.o)
 .data          0x008024e9        0x0 c:/winavr-20100110/bin/../lib/gcc/avr/4.3.3/../../../../avr/lib/avrxmega7\libc.a(strnlen_P.o)
 .data          0x008024e9        0x0 c:/winavr-20100110/bin/../lib/gcc/avr/4.3.3/../../../../avr/lib/avrxmega7\libc.a(strnlen.o)
 .data          0x008024e9        0x0 c:/winavr-20100110/bin/../lib/gcc/avr/4.3.3/../../../../avr/lib/avrxmega7\libc.a(fputc.o)
 .data          0x008024e9        0x0 c:/winavr-20100110/bin/../lib/gcc/avr/4.3.3/../../../../avr/lib/avrxmega7\libc.a(ultoa_invert.o)
 *(.data*)
 *(.rodata)
 *(.rodata*)
 *(.gnu.linkonce.d*)
                0x008024ea                . = ALIGN (0x2)
 *fill*         0x008024e9        0x1 00
                0x008024ea                _edata = .
                0x008024ea                PROVIDE (__data_end, .)

.bss            0x008024ea      0x739
                0x008024ea                PROVIDE (__bss_start, .)
 *(.bss)
 .bss           0x008024ea        0x0 c:/winavr-20100110/bin/../lib/gcc/avr/4.3.3/../../../../avr/lib/avrxmega7/crtx128a1.o
 .bss           0x008024ea       0x37 main.o
                0x008024f5                func_global_counter_x
                0x008024ef                frame_num
                0x008024ff                func_ID_Y
                0x008024f3                function_counter_y
                0x008024eb                x_gt_y
                0x008024ec                Laser_active
                0x008024ee                num_panels
                0x008024ed                FSMutex
                0x008024f9                func_global_counter_y
                0x008024fd                func_ID_X
                0x008024ea                display_flag
                0x008024f1                function_counter_x
 .bss           0x00802521        0x0 utils.o
 .bss           0x00802521       0x4d uart.o
 .bss           0x0080256e        0x0 handler.o
 .bss           0x0080256e        0x0 twi.o
 .bss           0x0080256e        0x7 ff.o
 .bss           0x00802575        0x4 mmc.o
 .bss           0x00802579        0x0 rtc.o
 .bss           0x00802579        0x4 timer.o
                0x00802579                ticks
 .bss           0x0080257d        0x0 eeprom_driver.o
 .bss           0x0080257d        0x2 xitoa.o
                0x0080257d                xfunc_out
 .bss           0x0080257f        0x0 c:/winavr-20100110/bin/../lib/gcc/avr/4.3.3/avrxmega7\libgcc.a(_mulsi3.o)
 .bss           0x0080257f        0x0 c:/winavr-20100110/bin/../lib/gcc/avr/4.3.3/avrxmega7\libgcc.a(_udivmodhi4.o)
 .bss           0x0080257f        0x0 c:/winavr-20100110/bin/../lib/gcc/avr/4.3.3/avrxmega7\libgcc.a(_divmodhi4.o)
 .bss           0x0080257f        0x0 c:/winavr-20100110/bin/../lib/gcc/avr/4.3.3/avrxmega7\libgcc.a(_udivmodsi4.o)
 .bss           0x0080257f        0x0 c:/winavr-20100110/bin/../lib/gcc/avr/4.3.3/avrxmega7\libgcc.a(_divmodsi4.o)
 .bss           0x0080257f        0x0 c:/winavr-20100110/bin/../lib/gcc/avr/4.3.3/avrxmega7\libgcc.a(_prologue.o)
 .bss           0x0080257f        0x0 c:/winavr-20100110/bin/../lib/gcc/avr/4.3.3/avrxmega7\libgcc.a(_epilogue.o)
 .bss           0x0080257f        0x0 c:/winavr-20100110/bin/../lib/gcc/avr/4.3.3/avrxmega7\libgcc.a(_exit.o)
 .bss           0x0080257f        0x0 c:/winavr-20100110/bin/../lib/gcc/avr/4.3.3/avrxmega7\libgcc.a(_tablejump.o)
 .bss           0x0080257f        0x0 c:/winavr-20100110/bin/../lib/gcc/avr/4.3.3/avrxmega7\libgcc.a(_clear_bss.o)
 .bss           0x0080257f        0x0 c:/winavr-20100110/bin/../lib/gcc/avr/4.3.3/../../../../avr/lib/avrxmega7\libc.a(malloc.o)
 .bss           0x0080257f        0x0 c:/winavr-20100110/bin/../lib/gcc/avr/4.3.3/../../../../avr/lib/avrxmega7\libc.a(rand.o)
 .bss           0x0080257f        0x0 c:/winavr-20100110/bin/../lib/gcc/avr/4.3.3/../../../../avr/lib/avrxmega7\libc.a(strtoul.o)
 .bss           0x0080257f        0x0 c:/winavr-20100110/bin/../lib/gcc/avr/4.3.3/../../../../avr/lib/avrxmega7\libc.a(isspace.o)
 .bss           0x0080257f        0x0 c:/winavr-20100110/bin/../lib/gcc/avr/4.3.3/../../../../avr/lib/avrxmega7\libc.a(sprintf.o)
 .bss           0x0080257f        0x0 c:/winavr-20100110/bin/../lib/gcc/avr/4.3.3/../../../../avr/lib/avrxmega7\libc.a(vfprintf_std.o)
 .bss           0x0080257f        0x0 c:/winavr-20100110/bin/../lib/gcc/avr/4.3.3/../../../../avr/lib/avrxmega7\libc.a(eerd_byte_atxmega128a1.o)
 .bss           0x0080257f        0x0 c:/winavr-20100110/bin/../lib/gcc/avr/4.3.3/../../../../avr/lib/avrxmega7\libc.a(eewr_byte_atxmega128a1.o)
 .bss           0x0080257f        0x0 c:/winavr-20100110/bin/../lib/gcc/avr/4.3.3/../../../../avr/lib/avrxmega7\libc.a(errno.o)
 .bss           0x0080257f        0x0 c:/winavr-20100110/bin/../lib/gcc/avr/4.3.3/../../../../avr/lib/avrxmega7\libc.a(cty_isfalse.o)
 .bss           0x0080257f        0x0 c:/winavr-20100110/bin/../lib/gcc/avr/4.3.3/../../../../avr/lib/avrxmega7\libc.a(strnlen_P.o)
 .bss           0x0080257f        0x0 c:/winavr-20100110/bin/../lib/gcc/avr/4.3.3/../../../../avr/lib/avrxmega7\libc.a(strnlen.o)
 .bss           0x0080257f        0x0 c:/winavr-20100110/bin/../lib/gcc/avr/4.3.3/../../../../avr/lib/avrxmega7\libc.a(fputc.o)
 .bss           0x0080257f        0x0 c:/winavr-20100110/bin/../lib/gcc/avr/4.3.3/../../../../avr/lib/avrxmega7\libc.a(ultoa_invert.o)
 *(.bss*)
 *(COMMON)
 COMMON         0x0080257f      0x65c main.o
                0x0080257f                file2
                0x0080259f                bias_x
                0x008025a0                twi4
                0x008025af                y_num
                0x008025b1                Y_val
                0x008025b3                row_compress
                0x008025b4                function_Y
                0x0080267c                Y_pos_index
                0x0080267e                twi1
                0x0080268d                X_val
                0x0080268f                laserPattern
                0x0080270c                X_pos_index
                0x0080270e                file3
                0x0080272e                twi3
                0x0080273d                gs_value
                0x0080273e                chMap
                0x008027bf                x_mode
                0x008027c0                bytes_per_panel_frame
                0x008027c1                index_x
                0x008027c3                gain_y
                0x008027c4                fsMutex
                0x008027c5                start_block
                0x008027c9                file5
                0x008027e9                file6
                0x00802809                y_mode
                0x0080280a                gain_x
                0x0080280b                file4
                0x0080282b                x_num
                0x0080282d                function_X
                0x008028f5                adrMap
                0x00802976                index_y
                0x00802978                file1
                0x00802998                twi2
                0x008029a7                ident_compress
                0x008029a8                fatfs
                0x00802bda                bias_y
 COMMON         0x00802bdb       0x42 handler.o
                0x00802bdb                p_handler_func
                0x00802be7                mask
                0x00802bed                start_count
                0x00802c05                count
 COMMON         0x00802c1d        0x4 c:/winavr-20100110/bin/../lib/gcc/avr/4.3.3/../../../../avr/lib/avrxmega7\libc.a(malloc.o)
                0x00802c1d                __brkval
                0x00802c1f                __flp
 COMMON         0x00802c21        0x2 c:/winavr-20100110/bin/../lib/gcc/avr/4.3.3/../../../../avr/lib/avrxmega7\libc.a(errno.o)
                0x00802c21                errno
                0x00802c23                PROVIDE (__bss_end, .)
                0x0000bdd8                __data_load_start = LOADADDR (.data)
                0x0000c2c2                __data_load_end = (__data_load_start + SIZEOF (.data))

.noinit         0x00802c23        0x0
                0x00802c23                PROVIDE (__noinit_start, .)
 *(.noinit*)
                0x00802c23                PROVIDE (__noinit_end, .)
                0x00802c23                _end = .
                0x00802c23                PROVIDE (__heap_start, .)

.eeprom         0x00810000       0x82
 *(.eeprom*)
 .eeprom        0x00810000       0x82 main.o
                0x00810000                work_mode
                0x00810001                arena_config
                0x00810082                __eeprom_end = .

.fuse
 *(.fuse)
 *(.lfuse)
 *(.hfuse)
 *(.efuse)

.lock
 *(.lock*)

.signature
 *(.signature*)

.stab           0x00000000      0xd08
 *(.stab)
 .stab          0x00000000      0xd08 xitoa.o

.stabstr        0x00000000       0x70
 *(.stabstr)
 .stabstr       0x00000000       0x70 xitoa.o

.stab.excl
 *(.stab.excl)

.stab.exclstr
 *(.stab.exclstr)

.stab.index
 *(.stab.index)

.stab.indexstr
 *(.stab.indexstr)

.comment
 *(.comment)

.debug
 *(.debug)

.line
 *(.line)

.debug_srcinfo
 *(.debug_srcinfo)

.debug_sfnames
 *(.debug_sfnames)

.debug_aranges  0x00000000      0x140
 *(.debug_aranges)
 .debug_aranges
                0x00000000       0x20 main.o
 .debug_aranges
                0x00000020       0x20 utils.o
 .debug_aranges
                0x00000040       0x20 uart.o
 .debug_aranges
                0x00000060       0x20 handler.o
 .debug_aranges
                0x00000080       0x20 twi.o
 .debug_aranges
                0x000000a0       0x20 ff.o
 .debug_aranges
                0x000000c0       0x20 mmc.o
 .debug_aranges
                0x000000e0       0x20 rtc.o
 .debug_aranges
                0x00000100       0x20 timer.o
 .debug_aranges
                0x00000120       0x20 eeprom_driver.o

.debug_pubnames
                0x00000000      0xe23
 *(.debug_pubnames)
 .debug_pubnames
                0x00000000      0x642 main.o
 .debug_pubnames
                0x00000642      0x1a7 utils.o
 .debug_pubnames
                0x000007e9       0xcf uart.o
 .debug_pubnames
                0x000008b8       0x90 handler.o
 .debug_pubnames
                0x00000948      0x140 twi.o
 .debug_pubnames
                0x00000a88      0x144 ff.o
 .debug_pubnames
                0x00000bcc       0x85 mmc.o
 .debug_pubnames
                0x00000c51       0x4f rtc.o
 .debug_pubnames
                0x00000ca0       0x95 timer.o
 .debug_pubnames
                0x00000d35       0xee eeprom_driver.o

.debug_info     0x00000000     0x9727
 *(.debug_info)
 .debug_info    0x00000000     0x219e main.o
 .debug_info    0x0000219e     0x2163 utils.o
 .debug_info    0x00004301      0x488 uart.o
 .debug_info    0x00004789      0x7c7 handler.o
 .debug_info    0x00004f50      0x713 twi.o
 .debug_info    0x00005663     0x23bb ff.o
 .debug_info    0x00007a1e      0x942 mmc.o
 .debug_info    0x00008360      0x1f5 rtc.o
 .debug_info    0x00008555      0xbfd timer.o
 .debug_info    0x00009152      0x5d5 eeprom_driver.o
 *(.gnu.linkonce.wi.*)

.debug_abbrev   0x00000000     0x1612
 *(.debug_abbrev)
 .debug_abbrev  0x00000000      0x35a main.o
 .debug_abbrev  0x0000035a      0x40f utils.o
 .debug_abbrev  0x00000769      0x1a2 uart.o
 .debug_abbrev  0x0000090b      0x134 handler.o
 .debug_abbrev  0x00000a3f      0x1c2 twi.o
 .debug_abbrev  0x00000c01      0x337 ff.o
 .debug_abbrev  0x00000f38      0x282 mmc.o
 .debug_abbrev  0x000011ba      0x13e rtc.o
 .debug_abbrev  0x000012f8      0x12a timer.o
 .debug_abbrev  0x00001422      0x1f0 eeprom_driver.o

.debug_line     0x00000000     0x6768
 *(.debug_line)
 .debug_line    0x00000000     0x1ab8 main.o
 .debug_line    0x00001ab8     0x1281 utils.o
 .debug_line    0x00002d39      0x3f4 uart.o
 .debug_line    0x0000312d      0x1b7 handler.o
 .debug_line    0x000032e4      0x3f9 twi.o
 .debug_line    0x000036dd     0x2243 ff.o
 .debug_line    0x00005920      0x853 mmc.o
 .debug_line    0x00006173       0xcd rtc.o
 .debug_line    0x00006240      0x1b5 timer.o
 .debug_line    0x000063f5      0x373 eeprom_driver.o

.debug_frame    0x00000000      0xa70
 *(.debug_frame)
 .debug_frame   0x00000000      0x210 main.o
 .debug_frame   0x00000210      0x190 utils.o
 .debug_frame   0x000003a0       0xd0 uart.o
 .debug_frame   0x00000470       0x50 handler.o
 .debug_frame   0x000004c0       0xd0 twi.o
 .debug_frame   0x00000590      0x290 ff.o
 .debug_frame   0x00000820       0xd0 mmc.o
 .debug_frame   0x000008f0       0x50 rtc.o
 .debug_frame   0x00000940       0x80 timer.o
 .debug_frame   0x000009c0       0xb0 eeprom_driver.o

.debug_str      0x00000000     0x20fb
 *(.debug_str)
 .debug_str     0x00000000      0xb91 main.o
                                0xc66 (size before relaxing)
 .debug_str     0x00000b91      0x6e9 utils.o
                                0xb79 (size before relaxing)
 .debug_str     0x0000127a      0x10d uart.o
                                0x223 (size before relaxing)
 .debug_str     0x00001387       0xb2 handler.o
                                0x3ce (size before relaxing)
 .debug_str     0x00001439      0x2a1 twi.o
                                0x59b (size before relaxing)
 .debug_str     0x000016da      0x32d ff.o
                                0x654 (size before relaxing)
 .debug_str     0x00001a07      0x20b mmc.o
                                0x433 (size before relaxing)
 .debug_str     0x00001c12       0x53 rtc.o
                                0x11f (size before relaxing)
 .debug_str     0x00001c65       0x71 timer.o
                                0x412 (size before relaxing)
 .debug_str     0x00001cd6      0x425 eeprom_driver.o
                                0x51d (size before relaxing)

.debug_loc      0x00000000     0x796d
 *(.debug_loc)
 .debug_loc     0x00000000     0x15bd main.o
 .debug_loc     0x000015bd      0xdf6 utils.o
 .debug_loc     0x000023b3      0x281 uart.o
 .debug_loc     0x00002634       0x7f handler.o
 .debug_loc     0x000026b3      0x377 twi.o
 .debug_loc     0x00002a2a     0x4682 ff.o
 .debug_loc     0x000070ac      0x62c mmc.o
 .debug_loc     0x000076d8       0x40 rtc.o
 .debug_loc     0x00007718       0x6a timer.o
 .debug_loc     0x00007782      0x1eb eeprom_driver.o

.debug_macinfo
 *(.debug_macinfo)
OUTPUT(panelcontroller.elf elf32-avr)
LOAD linker stubs

.debug_ranges   0x00000000      0x258
 .debug_ranges  0x00000000       0x48 main.o
 .debug_ranges  0x00000048      0x180 utils.o
 .debug_ranges  0x000001c8       0x60 ff.o
 .debug_ranges  0x00000228       0x30 mmc.o
